0-0 1-1 2-11 3-12 3-13 4-7 4-8 5-9 5-10 6-4 7-5 8-6 9-2 9-3 10-14
